// Jest Snapshot v1, https://goo.gl/fbAQLP

exports[`shows a opt out page when going to the URL for the page 1`] = `
<div>
  <div
    class="wrapper"
  >
    <div
      class="container"
      style="background-color: rgb(4, 21, 50); border-radius: 0;"
    >
      <div
        style="max-width: 1024px; margin: auto;"
      >
        <div>
          <div>
            <div
              id="main"
              role="main"
              tabindex="-1"
            >
              <div
                class="mockReadOnlyContent"
              >
                container:confirm-opt-out
              </div>
            </div>
            <div
              role="contentinfo"
            >
              <div
                class="mockReadOnlyContent"
              >
                CventFooterContainer
              </div>
            </div>
          </div>
        </div>
      </div>
    </div>
  </div>
  <div />
</div>
`;
