// Jest Snapshot v1, https://goo.gl/fbAQLP

exports[`GroupCancelDialog closes group cancel dialog 1`] = `
Array [
  <div
    class=""
  >
    <div
      class=""
    />
    <span
      class="mockNucleusCoreTransition"
    />
  </div>,
]
`;

exports[`GroupCancelDialog matches snapshot when opened 1`] = `
Array [
  <div
    class=""
  >
    <div
      class=""
    />
    <span
      class="mockNucleusCoreTransition"
    >
      <div
        class=""
      >
        <div
          aria-label="Dialog"
          role="dialog"
          style="outline: none;"
          tabindex="0"
        >
          <div
            class=""
            style="background-color: rgb(243, 59, 21); border-radius: 100px; position: absolute; left: 512px; top: 384px;"
          >
            <div
              class=""
            />
            <div
              class=""
            >
              <div
                class="dialogContainer"
              >
                <div
                  class="dialogChildren"
                >
                  <div
                    data-cvent-id="group-cancel-registration"
                  >
                    <div>
                      <div
                        aria-describedby="dialogHeader"
                        class=""
                        style="background-color: rgb(221, 226, 230); border-radius: 0;"
                      >
                        <div
                          class=""
                          id="dialogHeader"
                          style="background-color: rgb(249, 32, 242); padding: 15px 1.5625rem 15px 1.5625rem;"
                        >
                          <h2
                            class=""
                            style="color: rgb(255, 255, 255); font-family: Comic Sans MS, Comic Sans, Chalkboard, Marker Felt, sans-serif; font-size: 3.5625rem; font-style: normal; font-weight: 700; line-height: 1.3;"
                          >
                            <div
                              class=""
                              data-cvent-id="close"
                              role="button"
                              tabindex="0"
                            >
                              <span
                                class="container"
                              >
                                <span
                                  aria-label="EventGuestSide_StandardDialog_FallbackText_Close__resx"
                                  class=""
                                  role="img"
                                />
                              </span>
                            </div>
                            EventGuestsideSite_GroupCancelDialog_Title__resx
                          </h2>
                        </div>
                      </div>
                      <div
                        class=""
                        name="messageContainer"
                        style="background-color: rgb(243, 59, 21); padding: 0px 1.25rem 1.875rem 1.25rem;"
                        tabindex="-1"
                      >
                        <div
                          class=""
                          style="background-color: rgb(243, 59, 21); padding: 0px 1.25rem 1.875rem 1.25rem;"
                        >
                          <div
                            data-cvent-id="confirmation-form"
                          >
                            <div
                              class="cancelRegistrationModalText"
                              style="font-family: PT Sans, sans-serif; font-weight: 400; font-size: 16px; color: rgb(39, 63, 105); line-height: 1.3; font-style: normal; background-color: transparent; border-radius: 0; padding: 0px 0px 0px 0px;"
                            >
                              EventGuestsideSite_GroupCancelDialog_InstructionalText__resx
                            </div>
                            <button
                              aria-label="EventWidgets_GenericText_No__resx"
                              class=""
                              data-cvent-id="no-submit-button"
                              title="EventWidgets_GenericText_No__resx"
                              type="button"
                            >
                              <span>
                                EventWidgets_GenericText_No__resx
                              </span>
                            </button>
                            <button
                              aria-label="EventWidgets_GenericText_Yes__resx"
                              class=""
                              data-cvent-id="yes-submit-button"
                              title="EventWidgets_GenericText_Yes__resx"
                              type="button"
                            >
                              <span>
                                EventWidgets_GenericText_Yes__resx
                              </span>
                            </button>
                          </div>
                        </div>
                      </div>
                    </div>
                  </div>
                </div>
              </div>
            </div>
          </div>
        </div>
      </div>
    </span>
  </div>,
]
`;
