// Jest Snapshot v1, https://goo.gl/fbAQLP

exports[`Travel unsaved info warning pop up Check if pop up is rendered. 1`] = `
<span>
  <div>
    <div
      aria-describedby="dialogHeader"
      class=""
    >
      <div
        class=""
        id="dialogHeader"
      >
        <h2
          class=""
        >
          EventGuestSide_HotelShoulderDateWarning_Title__resx
        </h2>
      </div>
    </div>
    <div
      class=""
      name="messageContainer"
      tabindex="-1"
    >
      <span
        class="container"
      >
        <span
          aria-hidden="true"
          class=""
          role="img"
        />
      </span>
      <div
        class=""
      >
        EventGuestSide_HotelShoulderDateWarning_Title__resx
      </div>
      <p
        class=""
      >
        EventWidgets_TravelWidgets_UnsavedInfo_WarningText__resx
      </p>
      <ul
        class=""
      >
        <li
          class=""
        >
          <button
            class=""
            data-cvent-id="cancel-selection"
            type="button"
          >
            EventGuestSide_AdmissionItemRegistrationTypeConflict_Cancel__resx
          </button>
        </li>
        <li
          class=""
        >
          <button
            class=""
            data-cvent-id="continue-selection"
            type="button"
          >
            EventGuestSide_AdmissionItemRegistrationTypeConflict_Ok__resx
          </button>
        </li>
      </ul>
    </div>
  </div>
</span>
`;
